<html>
<body>
<pre>
<h1>µVision Build Log</h1>
<h2>Project:</h2>
E:\My Labs_4working\AI_test\rvmdk\Ai_test.uvproj
Project File Date:  06/14/2011

<h2>Output:</h2>
Build target 'AI_test_flashmode'
linking...
Program Size: Code=16804 RO-data=336 RW-data=72 ZI-data=2480  
".\out\base_test.axf" - 0 Error(s), 0 Warning(s).
Load "E:\\My Labs_4working\\AI_test\\rvmdk\\out\\base_test.AXF" 
Set JLink Project File to "E:\My Labs_4working\AI_test\rvmdk\JLinkSettings.ini"
 
JLink info:
------------
DLL: V4.15n, compiled Jun 18 2010 19:55:09
Firmware: J-Link ARM V8 compiled Dec  1 2015 11:42:48
Hardware: V8.00
S/N : 20080643 
Feature(s) : RDI,FlashDL,FlashBP,JFlash,GDBFull 
 
* JLink Info: Found SWD-DP with ID 0x1BA01477
* JLink Info: TPIU fitted.
* JLink Info: ETM fitted.
* JLink Info:   FPUnit: 6 code (BP) slots and 2 literal slots
ROMTableAddr = 0xE00FF003
 
Target info:
------------
Device: STM32F107VC
VTarget = 3.384V
State of Pins: 
TCK: 0, TDI: 0, TDO: 0, TMS: 0, TRES: 1, TRST: 1
* JLink Info: Found SWD-DP with ID 0x1BA01477
* JLink Info: TPIU fitted.
* JLink Info: ETM fitted.
* JLink Info:   FPUnit: 6 code (BP) slots and 2 literal slots
Hardware-Breakpoints: 6
Software-Breakpoints: 2048
Watchpoints:          4
JTAG speed: 50 kHz
 
Erase Done.
Programming Done.
Verify OK.
Build target 'AI_test_flashmode'
linking...
Program Size: Code=16804 RO-data=336 RW-data=72 ZI-data=2480  
".\out\base_test.axf" - 0 Error(s), 0 Warning(s).
Load "E:\\My Labs_4working\\AI_test\\rvmdk\\out\\base_test.AXF" 
Set JLink Project File to "E:\My Labs_4working\AI_test\rvmdk\JLinkSettings.ini"
 
JLink info:
------------
DLL: V4.15n, compiled Jun 18 2010 19:55:09
Firmware: J-Link ARM V8 compiled Dec  1 2015 11:42:48
Hardware: V8.00
S/N : 20080643 
Feature(s) : RDI,FlashDL,FlashBP,JFlash,GDBFull 
 
* JLink Info: Found SWD-DP with ID 0x1BA01477
* JLink Info: TPIU fitted.
* JLink Info: ETM fitted.
* JLink Info:   FPUnit: 6 code (BP) slots and 2 literal slots
**JLink Warning: No matching core found.
***JLink Error: JTAG communication error: Unknown error code 163
Build target 'AI_test_flashmode'
linking...
Program Size: Code=16804 RO-data=336 RW-data=72 ZI-data=2480  
".\out\ai_test.axf" - 0 Error(s), 0 Warning(s).
Load "E:\\My Labs_4working\\AI_test\\rvmdk\\out\\ai_test.AXF" 
Set JLink Project File to "E:\My Labs_4working\AI_test\rvmdk\JLinkSettings.ini"
 
JLink info:
------------
DLL: V4.15n, compiled Jun 18 2010 19:55:09
Firmware: J-Link ARM V8 compiled Dec  1 2015 11:42:48
Hardware: V8.00
S/N : 20080643 
Feature(s) : RDI,FlashDL,FlashBP,JFlash,GDBFull 
 
* JLink Info: Found SWD-DP with ID 0x1BA01477
* JLink Info: TPIU fitted.
* JLink Info: ETM fitted.
* JLink Info:   FPUnit: 6 code (BP) slots and 2 literal slots
**JLink Warning: No matching core found.
Load "E:\\My Labs_4working\\AI_test\\rvmdk\\out\\ai_test.AXF" 
Set JLink Project File to "E:\My Labs_4working\AI_test\rvmdk\JLinkSettings.ini"
 
JLink info:
------------
DLL: V4.15n, compiled Jun 18 2010 19:55:09
Firmware: J-Link ARM V8 compiled Dec  1 2015 11:42:48
Hardware: V8.00
S/N : 20080643 
Feature(s) : RDI,FlashDL,FlashBP,JFlash,GDBFull 
 
* JLink Info: Found SWD-DP with ID 0x1BA01477
* JLink Info: TPIU fitted.
* JLink Info: ETM fitted.
* JLink Info:   FPUnit: 6 code (BP) slots and 2 literal slots
ROMTableAddr = 0xE00FF003
 
Target info:
------------
Device: STM32F103VC
VTarget = 3.384V
State of Pins: 
TCK: 0, TDI: 0, TDO: 0, TMS: 0, TRES: 1, TRST: 1
* JLink Info: Found SWD-DP with ID 0x1BA01477
* JLink Info: TPIU fitted.
* JLink Info: ETM fitted.
* JLink Info:   FPUnit: 6 code (BP) slots and 2 literal slots
Hardware-Breakpoints: 6
Software-Breakpoints: 2048
Watchpoints:          4
JTAG speed: 1000 kHz
 
Erase Done.
Programming Done.
Verify OK.
